Archive member included to satisfy reference by file (symbol)

/home/TDDI11/sw/lib/elf/libepc.a(init-cpu.o)
                              (start)
/home/TDDI11/sw/lib/elf/libepc.a(init-idt.o)
                              /home/TDDI11/sw/lib/elf/libepc.a(init-cpu.o) (Init_IDT)
/home/TDDI11/sw/lib/elf/libepc.a(init-crt.o)
                              /home/TDDI11/sw/lib/elf/libepc.a(init-cpu.o) (Init_CRT)
/home/TDDI11/sw/lib/elf/libepc.a(display.o)
                              main.o (SetCursorPosition)
/home/TDDI11/sw/lib/elf/libepc.a(timer.o)
                              main.o (Milliseconds)
/home/TDDI11/sw/lib/elf/libepc.a(init8259.o)
                              /home/TDDI11/sw/lib/elf/libepc.a(init-cpu.o) (Init8259)
/home/TDDI11/sw/lib/elf/libepc.a(init8253.o)
                              /home/TDDI11/sw/lib/elf/libepc.a(init-cpu.o) (Init8253)
/home/TDDI11/sw/lib/elf/libepc.a(cycles.o)
                              main.o (CPU_Clock_Cycles)
/home/TDDI11/sw/lib/elf/libepc.a(checkcpu.o)
                              /home/TDDI11/sw/lib/elf/libepc.a(init-cpu.o) (Check_CPU)
/home/TDDI11/sw/lib/elf/libepc.a(io.o)
                              /home/TDDI11/sw/lib/elf/libepc.a(timer.o) (msec)
/home/TDDI11/sw/lib/elf/libepc.a(keyboard.o)
                              /home/TDDI11/sw/lib/elf/libepc.a(io.o) (Enqueue)
/sw/i386-elf-gcc-4.9.0/lib/gcc/i386-elf/4.9.0/libgcc.a(_udivdi3.o)
                              main.o (__udivdi3)

Discarded input sections

 .eh_frame      0x0000000000000000       0x48 main.o
 .eh_frame      0x0000000000000000       0x84 /sw/i386-elf-gcc-4.9.0/lib/gcc/i386-elf/4.9.0/libgcc.a(_udivdi3.o)

Memory Configuration

Name             Origin             Length             Attributes
conventional     0x0000000000000000 0x00000000000a0000
reserved         0x00000000000a0000 0x0000000000060000
extended         0x0000000000100000 0x00000000fff00000
*default*        0x0000000000000000 0xffffffffffffffff

Linker script and memory map

LOAD main.o
LOAD /home/TDDI11/sw/lib/elf/libepc.a
LOAD /home/TDDI11/sw/lib/elf/djgpp/libc.a
LOAD /sw/i386-elf-gcc-4.9.0/lib/gcc/i386-elf/4.9.0/libgcc.a

.text           0x0000000000000000     0x1aeb
                0x0000000000000000                text_frst = .
 *(.start)
 .start         0x0000000000000000        0x8 /home/TDDI11/sw/lib/elf/libepc.a(init-cpu.o)
                0x0000000000000000                start
 *(.init)
 *(.text)
 .text          0x0000000000000008      0x297 main.o
                0x0000000000000008                main
 *fill*         0x000000000000029f        0x1 
 .text          0x00000000000002a0       0x50 /home/TDDI11/sw/lib/elf/libepc.a(init-cpu.o)
                0x00000000000002a0                Init_CPU
 .text          0x00000000000002f0      0x5a0 /home/TDDI11/sw/lib/elf/libepc.a(init-idt.o)
                0x0000000000000700                IRQ2INT
                0x0000000000000714                _GetISR
                0x0000000000000758                SetISR
                0x0000000000000790                Init_IDT
 .text          0x0000000000000890      0x110 /home/TDDI11/sw/lib/elf/libepc.a(init-crt.o)
                0x0000000000000890                Init_CRT
                0x00000000000008c4                _LastMemoryAddress
 .text          0x00000000000009a0      0x6e0 /home/TDDI11/sw/lib/elf/libepc.a(display.o)
                0x00000000000009a0                SetCursorVisible
                0x0000000000000a24                _GetCursorRow
                0x0000000000000a38                _GetCursorCol
                0x0000000000000a4c                SetCursorPosition
                0x0000000000000af0                ClearScreen
                0x0000000000000b58                _PutAttb
                0x0000000000000ba4                _PutCharAt
                0x0000000000000bd0                _PutChar
                0x0000000000000c54                PutString
                0x0000000000000c8c                PutUnsigned
                0x0000000000000cc4                FormatUnsigned
                0x0000000000000d54                Unsigned2Ascii
                0x0000000000000dd8                _Cell
 .text          0x0000000000001080       0xe0 /home/TDDI11/sw/lib/elf/libepc.a(timer.o)
                0x0000000000001108                Milliseconds
                0x0000000000001124                Now_Plus
 .text          0x0000000000001160       0xe0 /home/TDDI11/sw/lib/elf/libepc.a(init8259.o)
                0x0000000000001160                Init8259
 .text          0x0000000000001240       0xb0 /home/TDDI11/sw/lib/elf/libepc.a(init8253.o)
                0x0000000000001240                Init8253
 .text          0x00000000000012f0       0x70 /home/TDDI11/sw/lib/elf/libepc.a(cycles.o)
                0x00000000000012f0                CPU_Clock_Cycles
 .text          0x0000000000001360       0x98 /home/TDDI11/sw/lib/elf/libepc.a(checkcpu.o)
                0x0000000000001360                Check_CPU
 .text          0x00000000000013f8       0x60 /home/TDDI11/sw/lib/elf/libepc.a(io.o)
                0x00000000000013f8                TimerTickISR
                0x0000000000001404                KeyboardISR
                0x0000000000001424                ISR_PIC1
                0x000000000000142b                ISR_PIC2
                0x0000000000001434                ___main
                0x0000000000001435                inportb
                0x000000000000143f                outportb
                0x0000000000001451                _exit
 .text          0x0000000000001458      0x570 /home/TDDI11/sw/lib/elf/libepc.a(keyboard.o)
                0x0000000000001458                ScanCodeRdy
                0x000000000000147c                GetScanCode
                0x00000000000014ac                ScanCode2Ascii
                0x000000000000166c                SetsKybdState
                0x000000000000185c                Enqueue
 .text          0x00000000000019c8      0x123 /sw/i386-elf-gcc-4.9.0/lib/gcc/i386-elf/4.9.0/libgcc.a(_udivdi3.o)
                0x00000000000019c8                __udivdi3
                0x0000000000001aea                text_last = (. - 0x1)

.text.unlikely  0x0000000000001aeb        0x0
 .text.unlikely
                0x0000000000001aeb        0x0 /sw/i386-elf-gcc-4.9.0/lib/gcc/i386-elf/4.9.0/libgcc.a(_udivdi3.o)

.data           0x0000000000001aec      0x6c1
                0x0000000000001aec                data_frst = .
 *(.data)
 .data          0x0000000000001aec        0x0 main.o
 .data          0x0000000000001aec       0x20 /home/TDDI11/sw/lib/elf/libepc.a(init-cpu.o)
                0x0000000000001b0a                code_selector
 .data          0x0000000000001b0c       0x90 /home/TDDI11/sw/lib/elf/libepc.a(init-idt.o)
 .data          0x0000000000001b9c       0x10 /home/TDDI11/sw/lib/elf/libepc.a(init-crt.o)
 .data          0x0000000000001bac       0x30 /home/TDDI11/sw/lib/elf/libepc.a(display.o)
 .data          0x0000000000001bdc       0x10 /home/TDDI11/sw/lib/elf/libepc.a(timer.o)
 .data          0x0000000000001bec        0x0 /home/TDDI11/sw/lib/elf/libepc.a(init8259.o)
 .data          0x0000000000001bec        0x0 /home/TDDI11/sw/lib/elf/libepc.a(init8253.o)
 .data          0x0000000000001bec        0x4 /home/TDDI11/sw/lib/elf/libepc.a(cycles.o)
 .data          0x0000000000001bf0        0xc /home/TDDI11/sw/lib/elf/libepc.a(io.o)
                0x0000000000001bf0                msec
                0x0000000000001bf4                old_tick_isr
                0x0000000000001bf8                old_kybd_isr
 .data          0x0000000000001bfc      0x5a0 /home/TDDI11/sw/lib/elf/libepc.a(keyboard.o)
 .data          0x000000000000219c        0x0 /sw/i386-elf-gcc-4.9.0/lib/gcc/i386-elf/4.9.0/libgcc.a(_udivdi3.o)
 *(.rodata)
 .rodata        0x000000000000219c       0x11 main.o
 *(.rodata.str1.1)
 *(.rodata.str1.32)
                0x00000000000021ac                data_last = (. - 0x1)

.bss            0x00000000000021b0      0x83c
                0x00000000000021b0                bss_frst = .
 *(.bss)
 .bss           0x00000000000021b0        0x0 main.o
 .bss           0x00000000000021b0      0x800 /home/TDDI11/sw/lib/elf/libepc.a(init-idt.o)
 .bss           0x00000000000029b0        0x0 /home/TDDI11/sw/lib/elf/libepc.a(init-crt.o)
 .bss           0x00000000000029b0        0x8 /home/TDDI11/sw/lib/elf/libepc.a(display.o)
 .bss           0x00000000000029b8        0x0 /home/TDDI11/sw/lib/elf/libepc.a(timer.o)
 .bss           0x00000000000029b8        0x0 /home/TDDI11/sw/lib/elf/libepc.a(init8259.o)
 .bss           0x00000000000029b8        0x0 /home/TDDI11/sw/lib/elf/libepc.a(init8253.o)
 .bss           0x00000000000029b8       0x34 /home/TDDI11/sw/lib/elf/libepc.a(keyboard.o)
 .bss           0x00000000000029ec        0x0 /sw/i386-elf-gcc-4.9.0/lib/gcc/i386-elf/4.9.0/libgcc.a(_udivdi3.o)
 *(COMMON)
                0x00000000000029eb                bss_last = (. - 0x1)

/DISCARD/
 *(.eh_frame)
                0x00000000000029ec                stack_frst = (bss_last + 0x1)
                0x000000000000a9eb                stack_last = (bss_last + 0x8000)
                0x000000000000a9ec                heap_frst = (stack_last + 0x1)
OUTPUT(embedded.bin binary)

.debug_info     0x0000000000000000      0x40d
 .debug_info    0x0000000000000000      0x12b main.o
 .debug_info    0x000000000000012b      0x2e2 /sw/i386-elf-gcc-4.9.0/lib/gcc/i386-elf/4.9.0/libgcc.a(_udivdi3.o)

.debug_abbrev   0x0000000000000000      0x1c9
 .debug_abbrev  0x0000000000000000       0x89 main.o
 .debug_abbrev  0x0000000000000089      0x140 /sw/i386-elf-gcc-4.9.0/lib/gcc/i386-elf/4.9.0/libgcc.a(_udivdi3.o)

.debug_aranges  0x0000000000000000       0x40
 .debug_aranges
                0x0000000000000000       0x20 main.o
 .debug_aranges
                0x0000000000000020       0x20 /sw/i386-elf-gcc-4.9.0/lib/gcc/i386-elf/4.9.0/libgcc.a(_udivdi3.o)

.debug_line     0x0000000000000000      0x173
 .debug_line    0x0000000000000000       0xc1 main.o
 .debug_line    0x00000000000000c1       0xb2 /sw/i386-elf-gcc-4.9.0/lib/gcc/i386-elf/4.9.0/libgcc.a(_udivdi3.o)

.debug_str      0x0000000000000000      0x32c
 .debug_str     0x0000000000000000      0x115 main.o
 .debug_str     0x0000000000000115      0x217 /sw/i386-elf-gcc-4.9.0/lib/gcc/i386-elf/4.9.0/libgcc.a(_udivdi3.o)

.comment        0x0000000000000000       0x24
 .comment       0x0000000000000000       0x12 main.o
 .comment       0x0000000000000012       0x12 /sw/i386-elf-gcc-4.9.0/lib/gcc/i386-elf/4.9.0/libgcc.a(_udivdi3.o)

.debug_loc      0x0000000000000000      0x4f3
 .debug_loc     0x0000000000000000      0x4f3 /sw/i386-elf-gcc-4.9.0/lib/gcc/i386-elf/4.9.0/libgcc.a(_udivdi3.o)

.debug_ranges   0x0000000000000000       0x30
 .debug_ranges  0x0000000000000000       0x30 /sw/i386-elf-gcc-4.9.0/lib/gcc/i386-elf/4.9.0/libgcc.a(_udivdi3.o)
