Archive member included to satisfy reference by file (symbol)

/home/TDDI11/sw/lib/elf/libepc.a(init-cpu.o)
                              (start)
/home/TDDI11/sw/lib/elf/libepc.a(init-idt.o)
                              /home/TDDI11/sw/lib/elf/libepc.a(init-cpu.o) (Init_IDT)
/home/TDDI11/sw/lib/elf/libepc.a(init-crt.o)
                              /home/TDDI11/sw/lib/elf/libepc.a(init-cpu.o) (Init_CRT)
/home/TDDI11/sw/lib/elf/libepc.a(display.o)
                              main.o (SetCursorPosition)
/home/TDDI11/sw/lib/elf/libepc.a(init8259.o)
                              /home/TDDI11/sw/lib/elf/libepc.a(init-cpu.o) (Init8259)
/home/TDDI11/sw/lib/elf/libepc.a(init8253.o)
                              /home/TDDI11/sw/lib/elf/libepc.a(init-cpu.o) (Init8253)
/home/TDDI11/sw/lib/elf/libepc.a(checkcpu.o)
                              /home/TDDI11/sw/lib/elf/libepc.a(init-cpu.o) (Check_CPU)
/home/TDDI11/sw/lib/elf/libepc.a(io.o)
                              /home/TDDI11/sw/lib/elf/libepc.a(init-idt.o) (ISR_PIC1)
/home/TDDI11/sw/lib/elf/libepc.a(keyboard.o)
                              /home/TDDI11/sw/lib/elf/libepc.a(io.o) (Enqueue)

Discarded input sections

 .eh_frame      0x0000000000000000       0x44 main.o

Memory Configuration

Name             Origin             Length             Attributes
conventional     0x0000000000000000 0x00000000000a0000
reserved         0x00000000000a0000 0x0000000000060000
extended         0x0000000000100000 0x00000000fff00000
*default*        0x0000000000000000 0xffffffffffffffff

Linker script and memory map

LOAD main.o
LOAD /home/TDDI11/sw/lib/elf/libepc.a
LOAD /home/TDDI11/sw/lib/elf/djgpp/libc.a
LOAD /sw/i386-elf-gcc-4.9.0/lib/gcc/i386-elf/4.9.0/libgcc.a

.text           0x0000000000000000     0x16a8
                0x0000000000000000                text_frst = .
 *(.start)
 .start         0x0000000000000000        0x8 /home/TDDI11/sw/lib/elf/libepc.a(init-cpu.o)
                0x0000000000000000                start
 *(.init)
 *(.text)
 .text          0x0000000000000008       0xc6 main.o
                0x0000000000000008                main
 *fill*         0x00000000000000ce        0x2 
 .text          0x00000000000000d0       0x50 /home/TDDI11/sw/lib/elf/libepc.a(init-cpu.o)
                0x00000000000000d0                Init_CPU
 .text          0x0000000000000120      0x5a0 /home/TDDI11/sw/lib/elf/libepc.a(init-idt.o)
                0x0000000000000530                IRQ2INT
                0x0000000000000544                _GetISR
                0x0000000000000588                SetISR
                0x00000000000005c0                Init_IDT
 .text          0x00000000000006c0      0x110 /home/TDDI11/sw/lib/elf/libepc.a(init-crt.o)
                0x00000000000006c0                Init_CRT
                0x00000000000006f4                _LastMemoryAddress
 .text          0x00000000000007d0      0x6e0 /home/TDDI11/sw/lib/elf/libepc.a(display.o)
                0x00000000000007d0                SetCursorVisible
                0x0000000000000854                _GetCursorRow
                0x0000000000000868                _GetCursorCol
                0x000000000000087c                SetCursorPosition
                0x0000000000000920                ClearScreen
                0x0000000000000988                _PutAttb
                0x00000000000009d4                _PutCharAt
                0x0000000000000a00                _PutChar
                0x0000000000000a84                PutString
                0x0000000000000abc                PutUnsigned
                0x0000000000000af4                FormatUnsigned
                0x0000000000000b84                Unsigned2Ascii
                0x0000000000000c08                _Cell
 .text          0x0000000000000eb0       0xe0 /home/TDDI11/sw/lib/elf/libepc.a(init8259.o)
                0x0000000000000eb0                Init8259
 .text          0x0000000000000f90       0xb0 /home/TDDI11/sw/lib/elf/libepc.a(init8253.o)
                0x0000000000000f90                Init8253
 .text          0x0000000000001040       0x98 /home/TDDI11/sw/lib/elf/libepc.a(checkcpu.o)
                0x0000000000001040                Check_CPU
 .text          0x00000000000010d8       0x60 /home/TDDI11/sw/lib/elf/libepc.a(io.o)
                0x00000000000010d8                TimerTickISR
                0x00000000000010e4                KeyboardISR
                0x0000000000001104                ISR_PIC1
                0x000000000000110b                ISR_PIC2
                0x0000000000001114                ___main
                0x0000000000001115                inportb
                0x000000000000111f                outportb
                0x0000000000001131                _exit
 .text          0x0000000000001138      0x570 /home/TDDI11/sw/lib/elf/libepc.a(keyboard.o)
                0x0000000000001138                ScanCodeRdy
                0x000000000000115c                GetScanCode
                0x000000000000118c                ScanCode2Ascii
                0x000000000000134c                SetsKybdState
                0x000000000000153c                Enqueue
                0x00000000000016a7                text_last = (. - 0x1)

.data           0x00000000000016a8      0x71c
                0x00000000000016a8                data_frst = .
 *(.data)
 .data          0x00000000000016a8        0x0 main.o
 .data          0x00000000000016a8       0x20 /home/TDDI11/sw/lib/elf/libepc.a(init-cpu.o)
                0x00000000000016c6                code_selector
 .data          0x00000000000016c8       0x90 /home/TDDI11/sw/lib/elf/libepc.a(init-idt.o)
 .data          0x0000000000001758       0x10 /home/TDDI11/sw/lib/elf/libepc.a(init-crt.o)
 .data          0x0000000000001768       0x30 /home/TDDI11/sw/lib/elf/libepc.a(display.o)
 .data          0x0000000000001798        0x0 /home/TDDI11/sw/lib/elf/libepc.a(init8259.o)
 .data          0x0000000000001798        0x0 /home/TDDI11/sw/lib/elf/libepc.a(init8253.o)
 .data          0x0000000000001798        0xc /home/TDDI11/sw/lib/elf/libepc.a(io.o)
                0x0000000000001798                msec
                0x000000000000179c                old_tick_isr
                0x00000000000017a0                old_kybd_isr
 .data          0x00000000000017a4      0x5a0 /home/TDDI11/sw/lib/elf/libepc.a(keyboard.o)
 *(.rodata)
 .rodata        0x0000000000001d44       0x80 main.o
 *(.rodata.str1.1)
 *(.rodata.str1.32)
                0x0000000000001dc3                data_last = (. - 0x1)

.bss            0x0000000000001dc4      0x83c
                0x0000000000001dc4                bss_frst = .
 *(.bss)
 .bss           0x0000000000001dc4        0x0 main.o
 .bss           0x0000000000001dc4      0x800 /home/TDDI11/sw/lib/elf/libepc.a(init-idt.o)
 .bss           0x00000000000025c4        0x0 /home/TDDI11/sw/lib/elf/libepc.a(init-crt.o)
 .bss           0x00000000000025c4        0x8 /home/TDDI11/sw/lib/elf/libepc.a(display.o)
 .bss           0x00000000000025cc        0x0 /home/TDDI11/sw/lib/elf/libepc.a(init8259.o)
 .bss           0x00000000000025cc        0x0 /home/TDDI11/sw/lib/elf/libepc.a(init8253.o)
 .bss           0x00000000000025cc       0x34 /home/TDDI11/sw/lib/elf/libepc.a(keyboard.o)
 *(COMMON)
                0x00000000000025ff                bss_last = (. - 0x1)

/DISCARD/
 *(.eh_frame)
                0x0000000000002600                stack_frst = (bss_last + 0x1)
                0x000000000000a5ff                stack_last = (bss_last + 0x8000)
                0x000000000000a600                heap_frst = (stack_last + 0x1)
OUTPUT(embedded.bin binary)

.debug_info     0x0000000000000000       0xa7
 .debug_info    0x0000000000000000       0xa7 main.o

.debug_abbrev   0x0000000000000000       0x5e
 .debug_abbrev  0x0000000000000000       0x5e main.o

.debug_aranges  0x0000000000000000       0x20
 .debug_aranges
                0x0000000000000000       0x20 main.o

.debug_line     0x0000000000000000       0x42
 .debug_line    0x0000000000000000       0x42 main.o

.debug_str      0x0000000000000000       0xd7
 .debug_str     0x0000000000000000       0xd7 main.o

.comment        0x0000000000000000       0x12
 .comment       0x0000000000000000       0x12 main.o
