Archive member included to satisfy reference by file (symbol)

/home/TDDI11/sw/lib/elf/libepc.a(init-cpu.o)
                              (start)
/home/TDDI11/sw/lib/elf/libepc.a(init-idt.o)
                              /home/TDDI11/sw/lib/elf/libepc.a(init-cpu.o) (Init_IDT)
/home/TDDI11/sw/lib/elf/libepc.a(init-crt.o)
                              /home/TDDI11/sw/lib/elf/libepc.a(init-cpu.o) (Init_CRT)
/home/TDDI11/sw/lib/elf/libepc.a(display.o)
                              main.o (SetCursorPosition)
/home/TDDI11/sw/lib/elf/libepc.a(timer.o)
                              main.o (Milliseconds)
/home/TDDI11/sw/lib/elf/libepc.a(init8259.o)
                              /home/TDDI11/sw/lib/elf/libepc.a(init-cpu.o) (Init8259)
/home/TDDI11/sw/lib/elf/libepc.a(init8253.o)
                              /home/TDDI11/sw/lib/elf/libepc.a(init-cpu.o) (Init8253)
/home/TDDI11/sw/lib/elf/libepc.a(cycles.o)
                              main.o (CPU_Clock_Cycles)
/home/TDDI11/sw/lib/elf/libepc.a(checkcpu.o)
                              /home/TDDI11/sw/lib/elf/libepc.a(init-cpu.o) (Check_CPU)
/home/TDDI11/sw/lib/elf/libepc.a(io.o)
                              /home/TDDI11/sw/lib/elf/libepc.a(timer.o) (msec)
/home/TDDI11/sw/lib/elf/libepc.a(keyboard.o)
                              /home/TDDI11/sw/lib/elf/libepc.a(io.o) (Enqueue)
/sw/i386-elf-gcc-4.9.0/lib/gcc/i386-elf/4.9.0/libgcc.a(_udivdi3.o)
                              main.o (__udivdi3)

Discarded input sections

 .eh_frame      0x0000000000000000      0x2a0 main.o
 .eh_frame      0x0000000000000000       0x84 /sw/i386-elf-gcc-4.9.0/lib/gcc/i386-elf/4.9.0/libgcc.a(_udivdi3.o)

Memory Configuration

Name             Origin             Length             Attributes
conventional     0x0000000000000000 0x00000000000a0000
reserved         0x00000000000a0000 0x0000000000060000
extended         0x0000000000100000 0x00000000fff00000
*default*        0x0000000000000000 0xffffffffffffffff

Linker script and memory map

LOAD main.o
LOAD llmultiply.o
LOAD /home/TDDI11/sw/lib/elf/libepc.a
LOAD /home/TDDI11/sw/lib/elf/djgpp/libc.a
LOAD /sw/i386-elf-gcc-4.9.0/lib/gcc/i386-elf/4.9.0/libgcc.a

.text           0x0000000000000000     0x1d33
                0x0000000000000000                text_frst = .
 *(.start)
 .start         0x0000000000000000        0x8 /home/TDDI11/sw/lib/elf/libepc.a(init-cpu.o)
                0x0000000000000000                start
 *(.init)
 *(.text)
 .text          0x0000000000000008      0x487 main.o
                0x0000000000000008                llmultiply_c
                0x00000000000000b4                PutUnsignedLongLong
                0x00000000000000dc                print_test
                0x0000000000000248                print_performance
                0x0000000000000470                delay
 *fill*         0x000000000000048f        0x1 
 .text          0x0000000000000490       0x57 llmultiply.o
                0x0000000000000490                llmultiply
 *fill*         0x00000000000004e7        0x1 
 .text          0x00000000000004e8       0x50 /home/TDDI11/sw/lib/elf/libepc.a(init-cpu.o)
                0x00000000000004e8                Init_CPU
 .text          0x0000000000000538      0x5a0 /home/TDDI11/sw/lib/elf/libepc.a(init-idt.o)
                0x0000000000000948                IRQ2INT
                0x000000000000095c                _GetISR
                0x00000000000009a0                SetISR
                0x00000000000009d8                Init_IDT
 .text          0x0000000000000ad8      0x110 /home/TDDI11/sw/lib/elf/libepc.a(init-crt.o)
                0x0000000000000ad8                Init_CRT
                0x0000000000000b0c                _LastMemoryAddress
 .text          0x0000000000000be8      0x6e0 /home/TDDI11/sw/lib/elf/libepc.a(display.o)
                0x0000000000000be8                SetCursorVisible
                0x0000000000000c6c                _GetCursorRow
                0x0000000000000c80                _GetCursorCol
                0x0000000000000c94                SetCursorPosition
                0x0000000000000d38                ClearScreen
                0x0000000000000da0                _PutAttb
                0x0000000000000dec                _PutCharAt
                0x0000000000000e18                _PutChar
                0x0000000000000e9c                PutString
                0x0000000000000ed4                PutUnsigned
                0x0000000000000f0c                FormatUnsigned
                0x0000000000000f9c                Unsigned2Ascii
                0x0000000000001020                _Cell
 .text          0x00000000000012c8       0xe0 /home/TDDI11/sw/lib/elf/libepc.a(timer.o)
                0x0000000000001350                Milliseconds
                0x000000000000136c                Now_Plus
 .text          0x00000000000013a8       0xe0 /home/TDDI11/sw/lib/elf/libepc.a(init8259.o)
                0x00000000000013a8                Init8259
 .text          0x0000000000001488       0xb0 /home/TDDI11/sw/lib/elf/libepc.a(init8253.o)
                0x0000000000001488                Init8253
 .text          0x0000000000001538       0x70 /home/TDDI11/sw/lib/elf/libepc.a(cycles.o)
                0x0000000000001538                CPU_Clock_Cycles
 .text          0x00000000000015a8       0x98 /home/TDDI11/sw/lib/elf/libepc.a(checkcpu.o)
                0x00000000000015a8                Check_CPU
 .text          0x0000000000001640       0x60 /home/TDDI11/sw/lib/elf/libepc.a(io.o)
                0x0000000000001640                TimerTickISR
                0x000000000000164c                KeyboardISR
                0x000000000000166c                ISR_PIC1
                0x0000000000001673                ISR_PIC2
                0x000000000000167c                ___main
                0x000000000000167d                inportb
                0x0000000000001687                outportb
                0x0000000000001699                _exit
 .text          0x00000000000016a0      0x570 /home/TDDI11/sw/lib/elf/libepc.a(keyboard.o)
                0x00000000000016a0                ScanCodeRdy
                0x00000000000016c4                GetScanCode
                0x00000000000016f4                ScanCode2Ascii
                0x00000000000018b4                SetsKybdState
                0x0000000000001aa4                Enqueue
 .text          0x0000000000001c10      0x123 /sw/i386-elf-gcc-4.9.0/lib/gcc/i386-elf/4.9.0/libgcc.a(_udivdi3.o)
                0x0000000000001c10                __udivdi3
                0x0000000000001d32                text_last = (. - 0x1)

.text.unlikely  0x0000000000001d33        0x0
 .text.unlikely
                0x0000000000001d33        0x0 main.o
 .text.unlikely
                0x0000000000001d33        0x0 /sw/i386-elf-gcc-4.9.0/lib/gcc/i386-elf/4.9.0/libgcc.a(_udivdi3.o)

.text.startup   0x0000000000001d34       0x1d
 .text.startup  0x0000000000001d34       0x1d main.o
                0x0000000000001d34                main

.data           0x0000000000001d60      0x7ca
                0x0000000000001d60                data_frst = .
 *(.data)
 .data          0x0000000000001d60       0xc0 main.o
                0x0000000000001d60                cases
 .data          0x0000000000001e20        0x0 llmultiply.o
 .data          0x0000000000001e20       0x20 /home/TDDI11/sw/lib/elf/libepc.a(init-cpu.o)
                0x0000000000001e3e                code_selector
 .data          0x0000000000001e40       0x90 /home/TDDI11/sw/lib/elf/libepc.a(init-idt.o)
 .data          0x0000000000001ed0       0x10 /home/TDDI11/sw/lib/elf/libepc.a(init-crt.o)
 .data          0x0000000000001ee0       0x30 /home/TDDI11/sw/lib/elf/libepc.a(display.o)
 .data          0x0000000000001f10       0x10 /home/TDDI11/sw/lib/elf/libepc.a(timer.o)
 .data          0x0000000000001f20        0x0 /home/TDDI11/sw/lib/elf/libepc.a(init8259.o)
 .data          0x0000000000001f20        0x0 /home/TDDI11/sw/lib/elf/libepc.a(init8253.o)
 .data          0x0000000000001f20        0x4 /home/TDDI11/sw/lib/elf/libepc.a(cycles.o)
 .data          0x0000000000001f24        0xc /home/TDDI11/sw/lib/elf/libepc.a(io.o)
                0x0000000000001f24                msec
                0x0000000000001f28                old_tick_isr
                0x0000000000001f2c                old_kybd_isr
 .data          0x0000000000001f30      0x5a0 /home/TDDI11/sw/lib/elf/libepc.a(keyboard.o)
 .data          0x00000000000024d0        0x0 /sw/i386-elf-gcc-4.9.0/lib/gcc/i386-elf/4.9.0/libgcc.a(_udivdi3.o)
 *(.rodata)
 *(.rodata.str1.1)
 .rodata.str1.1
                0x00000000000024d0       0x5a main.o
 *(.rodata.str1.32)
                0x0000000000002529                data_last = (. - 0x1)

.bss            0x000000000000252c      0x83c
                0x000000000000252c                bss_frst = .
 *(.bss)
 .bss           0x000000000000252c        0x0 main.o
 .bss           0x000000000000252c      0x800 /home/TDDI11/sw/lib/elf/libepc.a(init-idt.o)
 .bss           0x0000000000002d2c        0x0 /home/TDDI11/sw/lib/elf/libepc.a(init-crt.o)
 .bss           0x0000000000002d2c        0x8 /home/TDDI11/sw/lib/elf/libepc.a(display.o)
 .bss           0x0000000000002d34        0x0 /home/TDDI11/sw/lib/elf/libepc.a(timer.o)
 .bss           0x0000000000002d34        0x0 /home/TDDI11/sw/lib/elf/libepc.a(init8259.o)
 .bss           0x0000000000002d34        0x0 /home/TDDI11/sw/lib/elf/libepc.a(init8253.o)
 .bss           0x0000000000002d34       0x34 /home/TDDI11/sw/lib/elf/libepc.a(keyboard.o)
 .bss           0x0000000000002d68        0x0 /sw/i386-elf-gcc-4.9.0/lib/gcc/i386-elf/4.9.0/libgcc.a(_udivdi3.o)
 *(COMMON)
                0x0000000000002d67                bss_last = (. - 0x1)

/DISCARD/
 *(.eh_frame)
                0x0000000000002d68                stack_frst = (bss_last + 0x1)
                0x000000000000ad67                stack_last = (bss_last + 0x8000)
                0x000000000000ad68                heap_frst = (stack_last + 0x1)
OUTPUT(embedded.bin binary)

.debug_info     0x0000000000000000      0x9ee
 .debug_info    0x0000000000000000      0x70c main.o
 .debug_info    0x000000000000070c      0x2e2 /sw/i386-elf-gcc-4.9.0/lib/gcc/i386-elf/4.9.0/libgcc.a(_udivdi3.o)

.debug_abbrev   0x0000000000000000      0x33d
 .debug_abbrev  0x0000000000000000      0x1fd main.o
 .debug_abbrev  0x00000000000001fd      0x140 /sw/i386-elf-gcc-4.9.0/lib/gcc/i386-elf/4.9.0/libgcc.a(_udivdi3.o)

.debug_loc      0x0000000000000000      0xa7f
 .debug_loc     0x0000000000000000      0x58c main.o
 .debug_loc     0x000000000000058c      0x4f3 /sw/i386-elf-gcc-4.9.0/lib/gcc/i386-elf/4.9.0/libgcc.a(_udivdi3.o)

.debug_aranges  0x0000000000000000       0x48
 .debug_aranges
                0x0000000000000000       0x28 main.o
 .debug_aranges
                0x0000000000000028       0x20 /sw/i386-elf-gcc-4.9.0/lib/gcc/i386-elf/4.9.0/libgcc.a(_udivdi3.o)

.debug_ranges   0x0000000000000000       0x48
 .debug_ranges  0x0000000000000000       0x18 main.o
 .debug_ranges  0x0000000000000018       0x30 /sw/i386-elf-gcc-4.9.0/lib/gcc/i386-elf/4.9.0/libgcc.a(_udivdi3.o)

.debug_line     0x0000000000000000      0x25c
 .debug_line    0x0000000000000000      0x1aa main.o
 .debug_line    0x00000000000001aa       0xb2 /sw/i386-elf-gcc-4.9.0/lib/gcc/i386-elf/4.9.0/libgcc.a(_udivdi3.o)

.debug_str      0x0000000000000000      0x3f5
 .debug_str     0x0000000000000000      0x1de main.o
 .debug_str     0x00000000000001de      0x217 /sw/i386-elf-gcc-4.9.0/lib/gcc/i386-elf/4.9.0/libgcc.a(_udivdi3.o)

.comment        0x0000000000000000       0x24
 .comment       0x0000000000000000       0x12 main.o
 .comment       0x0000000000000012       0x12 /sw/i386-elf-gcc-4.9.0/lib/gcc/i386-elf/4.9.0/libgcc.a(_udivdi3.o)
