Archive member included to satisfy reference by file (symbol)

/home/TDDI11/sw/lib/elf/mtc.a(mtc.o)
                              main.o (mtc_split)
/home/TDDI11/sw/lib/elf/mtc.a(schedule.o)
                              /home/TDDI11/sw/lib/elf/mtc.a(mtc.o) (_sch_setup)
/home/TDDI11/sw/lib/elf/mtc.a(sema.o)
                              /home/TDDI11/sw/lib/elf/mtc.a(mtc.o) (_sema_setup)
/home/TDDI11/sw/lib/elf/mtc.a(thread.o)
                              /home/TDDI11/sw/lib/elf/mtc.a(schedule.o) (_thr_setup)
/home/TDDI11/sw/lib/elf/mtc.a(abend.o)
                              /home/TDDI11/sw/lib/elf/mtc.a(mtc.o) (_mtc_abend)
/home/TDDI11/sw/lib/elf/mtc.a(context.o)
                              /home/TDDI11/sw/lib/elf/mtc.a(thread.o) (_ctxt_setup)
/home/TDDI11/sw/lib/elf/mtc.a(ll.o)
                              /home/TDDI11/sw/lib/elf/mtc.a(schedule.o) (_ll_setup)
/home/TDDI11/sw/lib/elf/mtc.a(mlist.o)
                              /home/TDDI11/sw/lib/elf/mtc.a(thread.o) (_ml_setup)
/home/TDDI11/sw/lib/elf/mtc.a(msg.o)
                              /home/TDDI11/sw/lib/elf/mtc.a(mlist.o) (_msg_setup)
/home/TDDI11/sw/lib/elf/libepc.a(init-cpu.o)
                              (start)
/home/TDDI11/sw/lib/elf/libepc.a(init-idt.o)
                              main.o (IRQ2INT)
/home/TDDI11/sw/lib/elf/libepc.a(init-crt.o)
                              /home/TDDI11/sw/lib/elf/libepc.a(init-cpu.o) (Init_CRT)
/home/TDDI11/sw/lib/elf/libepc.a(display.o)
                              main.o (SetCursorVisible)
/home/TDDI11/sw/lib/elf/libepc.a(timer.o)
                              main.o (Milliseconds)
/home/TDDI11/sw/lib/elf/libepc.a(init8259.o)
                              /home/TDDI11/sw/lib/elf/libepc.a(init-cpu.o) (Init8259)
/home/TDDI11/sw/lib/elf/libepc.a(init8253.o)
                              /home/TDDI11/sw/lib/elf/libepc.a(init-cpu.o) (Init8253)
/home/TDDI11/sw/lib/elf/libepc.a(heap.o)
                              /home/TDDI11/sw/lib/elf/mtc.a(sema.o) (malloc)
/home/TDDI11/sw/lib/elf/libepc.a(setjmp.o)
                              /home/TDDI11/sw/lib/elf/mtc.a(context.o) (_setjmp)
/home/TDDI11/sw/lib/elf/libepc.a(queue.o)
                              main.o (QueueCreate)
/home/TDDI11/sw/lib/elf/libepc.a(window.o)
                              main.o (WindowCreate)
/home/TDDI11/sw/lib/elf/libepc.a(checkcpu.o)
                              /home/TDDI11/sw/lib/elf/libepc.a(init-cpu.o) (Check_CPU)
/home/TDDI11/sw/lib/elf/libepc.a(io.o)
                              /home/TDDI11/sw/lib/elf/libepc.a(timer.o) (msec)
/home/TDDI11/sw/lib/elf/libepc.a(keyboard.o)
                              outbound.o (ScanCodeRdy)
/home/TDDI11/sw/lib/elf/djgpp/libc.a(ct_flags.o)
                              outbound.o (__dj_ctype_flags)
/home/TDDI11/sw/lib/elf/djgpp/libc.a(memcpy.o)
                              /home/TDDI11/sw/lib/elf/mtc.a(mtc.o) (_memcpy)
/home/TDDI11/sw/lib/elf/djgpp/libc.a(strcpy.o)
                              /home/TDDI11/sw/lib/elf/libepc.a(window.o) (_strcpy)
/home/TDDI11/sw/lib/elf/djgpp/libc.a(strlen.o)
                              /home/TDDI11/sw/lib/elf/libepc.a(window.o) (_strlen)
/home/TDDI11/sw/lib/elf/djgpp/libc.a(disable.o)
                              main.o (disable)
/home/TDDI11/sw/lib/elf/djgpp/libc.a(enable.o)
                              main.o (enable)
/home/TDDI11/sw/lib/elf/djgpp/libc.a(djmd.o)
                              /home/TDDI11/sw/lib/elf/djgpp/libc.a(memcpy.o) (___dj_movedata)

Allocating common symbols
Common symbol       size              file

inbound_queue       0x4               main.o
___Starting_Point__
                    0x4               /home/TDDI11/sw/lib/elf/mtc.a(context.o)

Discarded input sections

 .eh_frame      0x0000000000000000       0xa0 main.o
 .eh_frame      0x0000000000000000       0x38 inbound.o
 .eh_frame      0x0000000000000000       0x38 outbound.o

Memory Configuration

Name             Origin             Length             Attributes
conventional     0x0000000000000000 0x00000000000a0000
reserved         0x00000000000a0000 0x0000000000060000
extended         0x0000000000100000 0x00000000fff00000
*default*        0x0000000000000000 0xffffffffffffffff

Linker script and memory map

LOAD main.o
LOAD serial.o
LOAD inbound.o
LOAD outbound.o
LOAD /home/TDDI11/sw/lib/elf/mtc.a
LOAD /home/TDDI11/sw/lib/elf/libepc.a
LOAD /home/TDDI11/sw/lib/elf/djgpp/libc.a
LOAD /sw/i386-elf-gcc-4.9.0/lib/gcc/i386-elf/4.9.0/libgcc.a

.text           0x0000000000000000     0x7d94
                0x0000000000000000                text_frst = .
 *(.start)
 .start         0x0000000000000000        0x8 /home/TDDI11/sw/lib/elf/libepc.a(init-cpu.o)
                0x0000000000000000                start
 *(.init)
 *(.text)
 .text          0x0000000000000008      0x2da main.o
                0x0000000000000008                main
                0x0000000000000033                _mtc_main
                0x00000000000000f7                DisplayElapsedTime
 *fill*         0x00000000000002e2        0xe 
 .text          0x00000000000002f0       0x50 serial.o
                0x00000000000002f0                SerialPut
                0x0000000000000308                SerialISR
 .text          0x0000000000000340       0x62 inbound.o
                0x0000000000000340                InBound
 .text          0x00000000000003a2      0x10a outbound.o
                0x00000000000003a2                OutBound
 .text          0x00000000000004ac     0x10d0 /home/TDDI11/sw/lib/elf/mtc.a(mtc.o)
                0x00000000000004b4                mtc_split
                0x00000000000004fc                mtc_stop
                0x00000000000005e4                mtc_yield
                0x0000000000000634                _mtc_setpri
                0x0000000000000734                _mtc_getpri
                0x0000000000000788                _mtc_asend
                0x0000000000000828                _mtc_send
                0x000000000000098c                _mtc_receive
                0x0000000000000b18                _mtc_mcount
                0x0000000000000bbc                _mtc_msize
                0x0000000000000ca0                _mtc_mpriority
                0x0000000000000d7c                _mtc_mdata
                0x0000000000000e24                _mtc_mtraverse
                0x0000000000000eac                _mtc_mignore
                0x0000000000000fec                _mtc_semacreate
                0x0000000000001038                _mtc_semadel
                0x0000000000001084                _mtc_semaset
                0x00000000000010c8                _mtc_semareset
                0x0000000000001114                _mtc_semainvert
                0x0000000000001158                _mtc_semaget
                0x0000000000001170                _mtc_semawait
                0x0000000000001254                _mtc_me
                0x0000000000001298                _mtc_setthreshold
                0x00000000000012e8                _mtc_getthreshold
                0x0000000000001338                _mtc_setcount
                0x0000000000001388                _mtc_getcount
                0x00000000000013d8                _mtc_setuptr
                0x0000000000001428                _mtc_getuptr
                0x0000000000001544                mtc_entry
 .text          0x000000000000157c      0xe30 /home/TDDI11/sw/lib/elf/mtc.a(schedule.o)
                0x0000000000001588                _sch_setup
                0x00000000000016e0                _sch_takedown
                0x00000000000017c8                _sch_split
                0x0000000000001b58                _sch_stop
                0x0000000000001bd4                _sch_yield
                0x0000000000001cdc                _sch_whoami
                0x0000000000001d20                _sch_wait
                0x0000000000001e08                _sch_resume
                0x0000000000001e98                _sch_norun
                0x000000000000205c                _sch_setthreshold
                0x0000000000002144                _sch_getthreshold
                0x0000000000002220                _sch_setcount
                0x0000000000002320                _sch_getcount
 .text          0x00000000000023ac      0x630 /home/TDDI11/sw/lib/elf/mtc.a(sema.o)
                0x000000000000249c                _sema_setup
                0x00000000000025d4                _sema_takedown
                0x00000000000026b4                _sema_set
                0x0000000000002758                _sema_reset
                0x0000000000002804                _sema_invert
                0x00000000000028b8                _sema_get
                0x0000000000002920                _sema_wait
 .text          0x00000000000029dc      0x7a0 /home/TDDI11/sw/lib/elf/mtc.a(thread.o)
                0x0000000000002a48                _thr_setup
                0x0000000000002bd8                _thr_takedown
                0x0000000000002cc4                _thr_save
                0x0000000000002d84                _thr_restore
                0x0000000000002e10                _thr_setpri
                0x0000000000002e74                _thr_getpri
                0x0000000000002ed8                _thr_mlist
                0x0000000000002f40                _thr_block
                0x0000000000002fb0                _thr_unblock
                0x0000000000003020                _thr_isblocked
                0x0000000000003090                _thr_setuptr
                0x0000000000003100                _thr_getuptr
 .text          0x000000000000317c      0x420 /home/TDDI11/sw/lib/elf/mtc.a(abend.o)
                0x0000000000003354                _mtc_abend
 .text          0x000000000000359c      0x510 /home/TDDI11/sw/lib/elf/mtc.a(context.o)
                0x00000000000035fc                _ctxt_setup
                0x000000000000374c                _ctxt_takedown
                0x00000000000037c0                _ctxt_save
                0x0000000000003960                _ctxt_restore
 .text          0x0000000000003aac      0xe40 /home/TDDI11/sw/lib/elf/mtc.a(ll.o)
                0x0000000000003ae4                _ll_setup
                0x0000000000003bb8                _ll_takedown
                0x0000000000003c9c                _ll_addleft
                0x0000000000003e14                _ll_addright
                0x0000000000003f90                _ll_delleft
                0x0000000000004104                _ll_delright
                0x000000000000428c                _ll_count
                0x0000000000004338                _ll_current
                0x00000000000043d0                _ll_start
                0x0000000000004440                _ll_end
                0x00000000000044bc                _ll_right
                0x0000000000004564                _ll_left
                0x0000000000004618                _ll_isstart
                0x00000000000046f0                _ll_isend
                0x00000000000047dc                _ll_save
                0x0000000000004874                _ll_assign
 .text          0x00000000000048ec      0xa60 /home/TDDI11/sw/lib/elf/mtc.a(mlist.o)
                0x000000000000492c                _ml_setup
                0x0000000000004a10                _ml_takedown
                0x0000000000004b58                _ml_add
                0x0000000000004d64                _ml_flush
                0x0000000000004e64                _ml_dequeue
                0x0000000000004f5c                _ml_count
                0x0000000000004fd4                _ml_traverse
                0x0000000000005148                _ml_sync
                0x00000000000051c0                _ml_priority
                0x0000000000005240                _ml_data
                0x00000000000052c0                _ml_size
 .text          0x000000000000534c      0x450 /home/TDDI11/sw/lib/elf/mtc.a(msg.o)
                0x000000000000539c                _msg_setup
                0x00000000000054b0                _msg_takedown
                0x0000000000005534                _msg_size
                0x00000000000055d4                _msg_sync
                0x0000000000005678                _msg_priority
                0x0000000000005704                _msg_data
 .text          0x000000000000579c       0x50 /home/TDDI11/sw/lib/elf/libepc.a(init-cpu.o)
                0x000000000000579c                Init_CPU
 .text          0x00000000000057ec      0x5a0 /home/TDDI11/sw/lib/elf/libepc.a(init-idt.o)
                0x0000000000005bfc                IRQ2INT
                0x0000000000005c10                _GetISR
                0x0000000000005c54                SetISR
                0x0000000000005c8c                Init_IDT
 .text          0x0000000000005d8c      0x110 /home/TDDI11/sw/lib/elf/libepc.a(init-crt.o)
                0x0000000000005d8c                Init_CRT
                0x0000000000005dc0                _LastMemoryAddress
 .text          0x0000000000005e9c      0x6e0 /home/TDDI11/sw/lib/elf/libepc.a(display.o)
                0x0000000000005e9c                SetCursorVisible
                0x0000000000005f20                _GetCursorRow
                0x0000000000005f34                _GetCursorCol
                0x0000000000005f48                SetCursorPosition
                0x0000000000005fec                ClearScreen
                0x0000000000006054                _PutAttb
                0x00000000000060a0                _PutCharAt
                0x00000000000060cc                _PutChar
                0x0000000000006150                PutString
                0x0000000000006188                PutUnsigned
                0x00000000000061c0                FormatUnsigned
                0x0000000000006250                Unsigned2Ascii
                0x00000000000062d4                _Cell
 .text          0x000000000000657c       0xe0 /home/TDDI11/sw/lib/elf/libepc.a(timer.o)
                0x0000000000006604                Milliseconds
                0x0000000000006620                Now_Plus
 .text          0x000000000000665c       0xe0 /home/TDDI11/sw/lib/elf/libepc.a(init8259.o)
                0x000000000000665c                Init8259
 .text          0x000000000000673c       0xb0 /home/TDDI11/sw/lib/elf/libepc.a(init8253.o)
                0x000000000000673c                Init8253
 .text          0x00000000000067ec      0x660 /home/TDDI11/sw/lib/elf/libepc.a(heap.o)
                0x00000000000067ec                malloc
                0x00000000000068a0                free
 .text          0x0000000000006e4c       0xb0 /home/TDDI11/sw/lib/elf/libepc.a(setjmp.o)
                0x0000000000006e4c                _setjmp
                0x0000000000006e96                _longjmp
 .text          0x0000000000006efc      0x180 /home/TDDI11/sw/lib/elf/libepc.a(queue.o)
                0x0000000000006efc                QueueCreate
                0x0000000000006f68                QueueRemove
                0x0000000000006fec                QueueInsert
 .text          0x000000000000707c      0x600 /home/TDDI11/sw/lib/elf/libepc.a(window.o)
                0x0000000000007080                WindowCreate
                0x0000000000007168                _WindowErase
                0x00000000000071d8                WindowSelect
                0x00000000000071fc                WindowSetCursor
                0x000000000000722c                WindowPutChar
                0x000000000000730c                WindowPutString
 .text          0x000000000000767c       0x98 /home/TDDI11/sw/lib/elf/libepc.a(checkcpu.o)
                0x000000000000767c                Check_CPU
 .text          0x0000000000007714       0x60 /home/TDDI11/sw/lib/elf/libepc.a(io.o)
                0x0000000000007714                TimerTickISR
                0x0000000000007720                KeyboardISR
                0x0000000000007740                ISR_PIC1
                0x0000000000007747                ISR_PIC2
                0x0000000000007750                ___main
                0x0000000000007751                inportb
                0x000000000000775b                outportb
                0x000000000000776d                _exit
 .text          0x0000000000007774      0x570 /home/TDDI11/sw/lib/elf/libepc.a(keyboard.o)
                0x0000000000007774                ScanCodeRdy
                0x0000000000007798                GetScanCode
                0x00000000000077c8                ScanCode2Ascii
                0x0000000000007988                SetsKybdState
                0x0000000000007b78                Enqueue
 .text          0x0000000000007ce4        0x0 /home/TDDI11/sw/lib/elf/djgpp/libc.a(ct_flags.o)
 .text          0x0000000000007ce4       0x1c /home/TDDI11/sw/lib/elf/djgpp/libc.a(memcpy.o)
                0x0000000000007ce4                _memcpy
 .text          0x0000000000007d00       0x28 /home/TDDI11/sw/lib/elf/djgpp/libc.a(strcpy.o)
                0x0000000000007d00                _strcpy
 .text          0x0000000000007d28       0x24 /home/TDDI11/sw/lib/elf/djgpp/libc.a(strlen.o)
                0x0000000000007d28                _strlen
 .text          0x0000000000007d4c       0x10 /home/TDDI11/sw/lib/elf/djgpp/libc.a(disable.o)
                0x0000000000007d4c                disable
 .text          0x0000000000007d5c       0x10 /home/TDDI11/sw/lib/elf/djgpp/libc.a(enable.o)
                0x0000000000007d5c                enable
 .text          0x0000000000007d6c       0x28 /home/TDDI11/sw/lib/elf/djgpp/libc.a(djmd.o)
                0x0000000000007d6c                ___dj_movedata
                0x0000000000007d93                text_last = (. - 0x1)

.data           0x0000000000007d94      0x968
                0x0000000000007d94                data_frst = .
 *(.data)
 .data          0x0000000000007d94        0x0 main.o
 .data          0x0000000000007d94        0x1 serial.o
 .data          0x0000000000007d95        0x0 inbound.o
 .data          0x0000000000007d95        0x0 outbound.o
 *fill*         0x0000000000007d95        0x3 
 .data          0x0000000000007d98       0x10 /home/TDDI11/sw/lib/elf/mtc.a(mtc.o)
 .data          0x0000000000007da8       0x10 /home/TDDI11/sw/lib/elf/mtc.a(schedule.o)
 .data          0x0000000000007db8        0x0 /home/TDDI11/sw/lib/elf/mtc.a(sema.o)
 .data          0x0000000000007db8        0x0 /home/TDDI11/sw/lib/elf/mtc.a(thread.o)
 .data          0x0000000000007db8       0x70 /home/TDDI11/sw/lib/elf/mtc.a(abend.o)
                0x0000000000007db8                _MtCAbendFlag
 .data          0x0000000000007e28        0x0 /home/TDDI11/sw/lib/elf/mtc.a(context.o)
 .data          0x0000000000007e28        0x0 /home/TDDI11/sw/lib/elf/mtc.a(ll.o)
 .data          0x0000000000007e28        0x0 /home/TDDI11/sw/lib/elf/mtc.a(mlist.o)
 .data          0x0000000000007e28        0x0 /home/TDDI11/sw/lib/elf/mtc.a(msg.o)
 .data          0x0000000000007e28       0x20 /home/TDDI11/sw/lib/elf/libepc.a(init-cpu.o)
                0x0000000000007e46                code_selector
 .data          0x0000000000007e48       0x90 /home/TDDI11/sw/lib/elf/libepc.a(init-idt.o)
 .data          0x0000000000007ed8       0x10 /home/TDDI11/sw/lib/elf/libepc.a(init-crt.o)
 .data          0x0000000000007ee8       0x30 /home/TDDI11/sw/lib/elf/libepc.a(display.o)
 .data          0x0000000000007f18       0x10 /home/TDDI11/sw/lib/elf/libepc.a(timer.o)
 .data          0x0000000000007f28        0x0 /home/TDDI11/sw/lib/elf/libepc.a(init8259.o)
 .data          0x0000000000007f28        0x0 /home/TDDI11/sw/lib/elf/libepc.a(init8253.o)
 .data          0x0000000000007f28       0x10 /home/TDDI11/sw/lib/elf/libepc.a(heap.o)
 .data          0x0000000000007f38        0x0 /home/TDDI11/sw/lib/elf/libepc.a(queue.o)
 .data          0x0000000000007f38        0x0 /home/TDDI11/sw/lib/elf/libepc.a(window.o)
 .data          0x0000000000007f38        0xc /home/TDDI11/sw/lib/elf/libepc.a(io.o)
                0x0000000000007f38                msec
                0x0000000000007f3c                old_tick_isr
                0x0000000000007f40                old_kybd_isr
 .data          0x0000000000007f44      0x5a0 /home/TDDI11/sw/lib/elf/libepc.a(keyboard.o)
 .data          0x00000000000084e4      0x204 /home/TDDI11/sw/lib/elf/djgpp/libc.a(ct_flags.o)
                0x00000000000084e4                __dj_ctype_flags
 .data          0x00000000000086e8        0x0 /home/TDDI11/sw/lib/elf/djgpp/libc.a(memcpy.o)
 .data          0x00000000000086e8        0x0 /home/TDDI11/sw/lib/elf/djgpp/libc.a(strcpy.o)
 .data          0x00000000000086e8        0x0 /home/TDDI11/sw/lib/elf/djgpp/libc.a(strlen.o)
 .data          0x00000000000086e8        0x0 /home/TDDI11/sw/lib/elf/djgpp/libc.a(disable.o)
 .data          0x00000000000086e8        0x0 /home/TDDI11/sw/lib/elf/djgpp/libc.a(enable.o)
 .data          0x00000000000086e8        0x0 /home/TDDI11/sw/lib/elf/djgpp/libc.a(djmd.o)
 *(.rodata)
 .rodata        0x00000000000086e8        0x7 main.o
 .rodata        0x00000000000086ef        0x7 inbound.o
 .rodata        0x00000000000086f6        0x6 outbound.o
 *(.rodata.str1.1)
 *(.rodata.str1.32)
                0x00000000000086fb                data_last = (. - 0x1)

.bss            0x00000000000086fc      0x878
                0x00000000000086fc                bss_frst = .
 *(.bss)
 .bss           0x00000000000086fc        0x0 main.o
 .bss           0x00000000000086fc        0x0 inbound.o
 .bss           0x00000000000086fc        0x0 outbound.o
 .bss           0x00000000000086fc        0x0 /home/TDDI11/sw/lib/elf/mtc.a(mtc.o)
 .bss           0x00000000000086fc       0x2c /home/TDDI11/sw/lib/elf/mtc.a(schedule.o)
 .bss           0x0000000000008728        0x0 /home/TDDI11/sw/lib/elf/mtc.a(sema.o)
 .bss           0x0000000000008728        0x0 /home/TDDI11/sw/lib/elf/mtc.a(thread.o)
 .bss           0x0000000000008728        0x0 /home/TDDI11/sw/lib/elf/mtc.a(abend.o)
 .bss           0x0000000000008728        0x8 /home/TDDI11/sw/lib/elf/mtc.a(context.o)
 .bss           0x0000000000008730        0x0 /home/TDDI11/sw/lib/elf/mtc.a(ll.o)
 .bss           0x0000000000008730        0x0 /home/TDDI11/sw/lib/elf/mtc.a(mlist.o)
 .bss           0x0000000000008730        0x0 /home/TDDI11/sw/lib/elf/mtc.a(msg.o)
 .bss           0x0000000000008730      0x800 /home/TDDI11/sw/lib/elf/libepc.a(init-idt.o)
 .bss           0x0000000000008f30        0x0 /home/TDDI11/sw/lib/elf/libepc.a(init-crt.o)
 .bss           0x0000000000008f30        0x8 /home/TDDI11/sw/lib/elf/libepc.a(display.o)
 .bss           0x0000000000008f38        0x0 /home/TDDI11/sw/lib/elf/libepc.a(timer.o)
 .bss           0x0000000000008f38        0x0 /home/TDDI11/sw/lib/elf/libepc.a(init8259.o)
 .bss           0x0000000000008f38        0x0 /home/TDDI11/sw/lib/elf/libepc.a(init8253.o)
 .bss           0x0000000000008f38        0x0 /home/TDDI11/sw/lib/elf/libepc.a(heap.o)
 .bss           0x0000000000008f38        0x0 /home/TDDI11/sw/lib/elf/libepc.a(queue.o)
 .bss           0x0000000000008f38        0x0 /home/TDDI11/sw/lib/elf/libepc.a(window.o)
 .bss           0x0000000000008f38       0x34 /home/TDDI11/sw/lib/elf/libepc.a(keyboard.o)
 .bss           0x0000000000008f6c        0x0 /home/TDDI11/sw/lib/elf/djgpp/libc.a(ct_flags.o)
 .bss           0x0000000000008f6c        0x0 /home/TDDI11/sw/lib/elf/djgpp/libc.a(memcpy.o)
 .bss           0x0000000000008f6c        0x0 /home/TDDI11/sw/lib/elf/djgpp/libc.a(strcpy.o)
 .bss           0x0000000000008f6c        0x0 /home/TDDI11/sw/lib/elf/djgpp/libc.a(strlen.o)
 .bss           0x0000000000008f6c        0x0 /home/TDDI11/sw/lib/elf/djgpp/libc.a(disable.o)
 .bss           0x0000000000008f6c        0x0 /home/TDDI11/sw/lib/elf/djgpp/libc.a(enable.o)
 .bss           0x0000000000008f6c        0x0 /home/TDDI11/sw/lib/elf/djgpp/libc.a(djmd.o)
 *(COMMON)
 COMMON         0x0000000000008f6c        0x4 main.o
                0x0000000000008f6c                inbound_queue
 COMMON         0x0000000000008f70        0x4 /home/TDDI11/sw/lib/elf/mtc.a(context.o)
                0x0000000000008f70                ___Starting_Point__
                0x0000000000008f73                bss_last = (. - 0x1)

/DISCARD/
 *(.eh_frame)
                0x0000000000008f74                stack_frst = (bss_last + 0x1)
                0x0000000000010f73                stack_last = (bss_last + 0x8000)
                0x0000000000010f74                heap_frst = (stack_last + 0x1)
OUTPUT(embedded.bin binary)

.debug_info     0x0000000000000000      0x622
 .debug_info    0x0000000000000000      0x300 main.o
 .debug_info    0x0000000000000300      0x1bf inbound.o
 .debug_info    0x00000000000004bf      0x163 outbound.o

.debug_abbrev   0x0000000000000000      0x2f7
 .debug_abbrev  0x0000000000000000      0x149 main.o
 .debug_abbrev  0x0000000000000149       0xd8 inbound.o
 .debug_abbrev  0x0000000000000221       0xd6 outbound.o

.debug_aranges  0x0000000000000000       0x60
 .debug_aranges
                0x0000000000000000       0x20 main.o
 .debug_aranges
                0x0000000000000020       0x20 inbound.o
 .debug_aranges
                0x0000000000000040       0x20 outbound.o

.debug_line     0x0000000000000000      0x1e5
 .debug_line    0x0000000000000000       0xc9 main.o
 .debug_line    0x00000000000000c9       0x6b inbound.o
 .debug_line    0x0000000000000134       0xb1 outbound.o

.debug_str      0x0000000000000000      0x428
 .debug_str     0x0000000000000000      0x1bb main.o
 .debug_str     0x00000000000001bb      0x14a inbound.o
 .debug_str     0x0000000000000305      0x123 outbound.o

.comment        0x0000000000000000       0x36
 .comment       0x0000000000000000       0x12 main.o
 .comment       0x0000000000000012       0x12 inbound.o
 .comment       0x0000000000000024       0x12 outbound.o
